Flow report for RISCV_CORE
Thu Nov 26 22:32:28 2020
Quartus Prime Version 18.1.0 Build 625 09/12/2018 SJ Lite Edition


---------------------
; Table of Contents ;
---------------------
  1. Legal Notice
  2. Flow Summary
  3. Flow Settings
  4. Flow Non-Default Global Settings
  5. Flow Elapsed Time
  6. Flow OS Summary
  7. Flow Log
  8. Flow Messages
  9. Flow Suppressed Messages



----------------
; Legal Notice ;
----------------
Copyright (C) 2018  Intel Corporation. All rights reserved.
Your use of Intel Corporation's design tools, logic functions 
and other software and tools, and its AMPP partner logic 
functions, and any output files from any of the foregoing 
(including device programming or simulation files), and any 
associated documentation or information are expressly subject 
to the terms and conditions of the Intel Program License 
Subscription Agreement, the Intel Quartus Prime License Agreement,
the Intel FPGA IP License Agreement, or other applicable license
agreement, including, without limitation, that your use is for
the sole purpose of programming logic devices manufactured by
Intel and sold by Intel or its authorized distributors.  Please
refer to the applicable agreement for further details.



+----------------------------------------------------------------------------------+
; Flow Summary                                                                     ;
+------------------------------------+---------------------------------------------+
; Flow Status                        ; Successful - Thu Nov 26 22:32:28 2020       ;
; Quartus Prime Version              ; 18.1.0 Build 625 09/12/2018 SJ Lite Edition ;
; Revision Name                      ; RISCV_CORE                                  ;
; Top-level Entity Name              ; RISCV_CORE                                  ;
; Family                             ; MAX 10                                      ;
; Device                             ; 10M50DAF484C7G                              ;
; Timing Models                      ; Final                                       ;
; Total logic elements               ; 5,267                                       ;
;     Total combinational functions  ; 4,847                                       ;
;     Dedicated logic registers      ; 1,231                                       ;
; Total registers                    ; 1231                                        ;
; Total pins                         ; 67                                          ;
; Total virtual pins                 ; 0                                           ;
; Total memory bits                  ; 331,776                                     ;
; Embedded Multiplier 9-bit elements ; 23                                          ;
; Total PLLs                         ; 1                                           ;
; UFM blocks                         ; 0                                           ;
; ADC blocks                         ; 0                                           ;
+------------------------------------+---------------------------------------------+


+-----------------------------------------+
; Flow Settings                           ;
+-------------------+---------------------+
; Option            ; Setting             ;
+-------------------+---------------------+
; Start date & time ; 11/26/2020 22:31:54 ;
; Main task         ; Compilation         ;
; Revision Name     ; RISCV_CORE          ;
+-------------------+---------------------+


+------------------------------------------------------------------------------------------------------------------------------------------------+
; Flow Non-Default Global Settings                                                                                                               ;
+--------------------------------------+----------------------------------------------------------+---------------+-------------+----------------+
; Assignment Name                      ; Value                                                    ; Default Value ; Entity Name ; Section Id     ;
+--------------------------------------+----------------------------------------------------------+---------------+-------------+----------------+
; COMPILER_SIGNATURE_ID                ; 220295163112257.160641191408853                          ; --            ; --          ; --             ;
; EDA_DESIGN_INSTANCE_NAME             ; NA                                                       ; --            ; --          ; PI_test        ;
; EDA_NATIVELINK_SIMULATION_TEST_BENCH ; PI_test                                                  ; --            ; --          ; eda_simulation ;
; EDA_OUTPUT_DATA_FORMAT               ; Verilog Hdl                                              ; --            ; --          ; eda_simulation ;
; EDA_SIMULATION_TOOL                  ; ModelSim-Altera (Verilog)                                ; <None>        ; --          ; --             ;
; EDA_TEST_BENCH_ENABLE_STATUS         ; TEST_BENCH_MODE                                          ; --            ; --          ; eda_simulation ;
; EDA_TEST_BENCH_FILE                  ; tb.v                                                     ; --            ; --          ; PI_test        ;
; EDA_TEST_BENCH_MODULE_NAME           ; tb                                                       ; --            ; --          ; PI_test        ;
; EDA_TEST_BENCH_NAME                  ; PI_test                                                  ; --            ; --          ; eda_simulation ;
; EDA_TIME_SCALE                       ; 1 ps                                                     ; --            ; --          ; eda_simulation ;
; MAX_CORE_JUNCTION_TEMP               ; 85                                                       ; --            ; --          ; --             ;
; MIN_CORE_JUNCTION_TEMP               ; 0                                                        ; --            ; --          ; --             ;
; MISC_FILE                            ; system/synthesis/../system.cmp                           ; --            ; --          ; --             ;
; MISC_FILE                            ; system/synthesis/../../system.qsys                       ; --            ; --          ; --             ;
; MISC_FILE                            ; pll_8m_inst.v                                            ; --            ; --          ; --             ;
; MISC_FILE                            ; pll_8m_bb.v                                              ; --            ; --          ; --             ;
; MISC_FILE                            ; pll_8m.ppf                                               ; --            ; --          ; --             ;
; OUTPUT_IO_TIMING_FAR_END_VMEAS       ; Half Signal Swing                                        ; --            ; --          ; --             ;
; OUTPUT_IO_TIMING_FAR_END_VMEAS       ; Half Signal Swing                                        ; --            ; --          ; --             ;
; OUTPUT_IO_TIMING_NEAR_END_VMEAS      ; Half Vccio                                               ; --            ; --          ; --             ;
; OUTPUT_IO_TIMING_NEAR_END_VMEAS      ; Half Vccio                                               ; --            ; --          ; --             ;
; PARTITION_COLOR                      ; -- (Not supported for targeted family)                   ; --            ; --          ; Top            ;
; PARTITION_FITTER_PRESERVATION_LEVEL  ; -- (Not supported for targeted family)                   ; --            ; --          ; Top            ;
; PARTITION_NETLIST_TYPE               ; -- (Not supported for targeted family)                   ; --            ; --          ; Top            ;
; POWER_BOARD_THERMAL_MODEL            ; None (CONSERVATIVE)                                      ; --            ; --          ; --             ;
; POWER_PRESET_COOLING_SOLUTION        ; 23 MM HEAT SINK WITH 200 LFPM AIRFLOW                    ; --            ; --          ; --             ;
; SLD_FILE                             ; system/synthesis/system.debuginfo                        ; --            ; --          ; --             ;
; SLD_INFO                             ; QSYS_NAME system HAS_SOPCINFO 1 GENERATION_ID 1606409521 ; --            ; system      ; --             ;
; SOPCINFO_FILE                        ; system/synthesis/../../system.sopcinfo                   ; --            ; --          ; --             ;
; SYNTHESIS_ONLY_QIP                   ; On                                                       ; --            ; --          ; --             ;
; TIMING_ANALYZER_DO_REPORT_TIMING     ; On                                                       ; Off           ; --          ; --             ;
+--------------------------------------+----------------------------------------------------------+---------------+-------------+----------------+


+--------------------------------------------------------------------------------------------------------------------------+
; Flow Elapsed Time                                                                                                        ;
+----------------------+--------------+-------------------------+---------------------+------------------------------------+
; Module Name          ; Elapsed Time ; Average Processors Used ; Peak Virtual Memory ; Total CPU Time (on all processors) ;
+----------------------+--------------+-------------------------+---------------------+------------------------------------+
; Analysis & Synthesis ; 00:00:34     ; 1.0                     ; 1054 MB             ; 00:00:51                           ;
; Total                ; 00:00:34     ; --                      ; --                  ; 00:00:51                           ;
+----------------------+--------------+-------------------------+---------------------+------------------------------------+


+----------------------------------------------------------------------------------------+
; Flow OS Summary                                                                        ;
+----------------------+------------------+----------------+------------+----------------+
; Module Name          ; Machine Hostname ; OS Name        ; OS Version ; Processor type ;
+----------------------+------------------+----------------+------------+----------------+
; Analysis & Synthesis ; Shaheer          ; Ubuntu 20.04.1 ; 20         ; x86_64         ;
+----------------------+------------------+----------------+------------+----------------+


------------
; Flow Log ;
------------
quartus_map --read_settings_files=on --write_settings_files=off RISCV_CORE -c RISCV_CORE



